Category: 📺央视频道, Name: CCTV-2, Total: 10, Valid: 8, Valid Percent: 80.00%, Whitelist: 0, IPv4: 10, IPv6: 0, Min Delay: 614 ms, Max Speed: 4.04 M/s, Avg Speed: 3.08 M/s, Max Resolution: 1280x720
Category: 📺央视频道, Name: CCTV-3, Total: 12, Valid: 11, Valid Percent: 91.67%, Whitelist: 0, IPv4: 12, IPv6: 0, Min Delay: 58 ms, Max Speed: 99.28 M/s, Avg Speed: 28.97 M/s, Max Resolution: 1920x1080
Category: 📺央视频道, Name: CCTV-4, Total: 12, Valid: 12, Valid Percent: 100.00%, Whitelist: 0, IPv4: 12, IPv6: 0, Min Delay: 58 ms, Max Speed: 99.28 M/s, Avg Speed: 43.48 M/s, Max Resolution: 1920x1080
Category: 📺央视频道, Name: CCTV-5, Total: 24, Valid: 23, Valid Percent: 95.83%, Whitelist: 0, IPv4: 24, IPv6: 0, Min Delay: 58 ms, Max Speed: 99.28 M/s, Avg Speed: 24.48 M/s, Max Resolution: 1920x1080
Category: 📺央视频道, Name: CCTV-5+, Total: 5, Valid: 5, Valid Percent: 100.00%, Whitelist: 0, IPv4: 5, IPv6: 0, Min Delay: 407 ms, Max Speed: 6.01 M/s, Avg Speed: 3.17 M/s, Max Resolution: 1920x1080
Category: 📺央视频道, Name: CCTV-6, Total: 22, Valid: 21, Valid Percent: 95.45%, Whitelist: 0, IPv4: 22, IPv6: 0, Min Delay: 58 ms, Max Speed: 99.28 M/s, Avg Speed: 35.15 M/s, Max Resolution: 1920x1080
Category: 📺央视频道, Name: CCTV-7, Total: 22, Valid: 21, Valid Percent: 95.45%, Whitelist: 0, IPv4: 22, IPv6: 0, Min Delay: 58 ms, Max Speed: 99.28 M/s, Avg Speed: 34.94 M/s, Max Resolution: 1920x1080
Category: 📺央视频道, Name: CCTV-8, Total: 24, Valid: 23, Valid Percent: 95.83%, Whitelist: 0, IPv4: 24, IPv6: 0, Min Delay: 58 ms, Max Speed: 99.28 M/s, Avg Speed: 28.53 M/s, Max Resolution: 1920x1080
Category: 📺央视频道, Name: CCTV-9, Total: 21, Valid: 20, Valid Percent: 95.24%, Whitelist: 0, IPv4: 21, IPv6: 0, Min Delay: 58 ms, Max Speed: 99.28 M/s, Avg Speed: 36.73 M/s, Max Resolution: 1920x1080
Category: 📺央视频道, Name: CCTV-10, Total: 25, Valid: 24, Valid Percent: 96.00%, Whitelist: 0, IPv4: 25, IPv6: 0, Min Delay: 58 ms, Max Speed: 99.28 M/s, Avg Speed: 30.72 M/s, Max Resolution: 1920x1080
Category: 📺央视频道, Name: CCTV-11, Total: 20, Valid: 19, Valid Percent: 95.00%, Whitelist: 0, IPv4: 20, IPv6: 0, Min Delay: 58 ms, Max Speed: 99.28 M/s, Avg Speed: 33.50 M/s, Max Resolution: 1920x1080
Category: 📺央视频道, Name: CCTV-12, Total: 21, Valid: 20, Valid Percent: 95.24%, Whitelist: 0, IPv4: 21, IPv6: 0, Min Delay: 58 ms, Max Speed: 99.28 M/s, Avg Speed: 36.79 M/s, Max Resolution: 1920x1080
Category: 📺央视频道, Name: CCTV-13, Total: 21, Valid: 20, Valid Percent: 95.24%, Whitelist: 0, IPv4: 19, IPv6: 2, Min Delay: 58 ms, Max Speed: 99.28 M/s, Avg Speed: 36.48 M/s, Max Resolution: 1920x1080
Category: 📺央视频道, Name: CCTV-14, Total: 26, Valid: 25, Valid Percent: 96.15%, Whitelist: 0, IPv4: 23, IPv6: 3, Min Delay: 58 ms, Max Speed: 99.28 M/s, Avg Speed: 29.80 M/s, Max Resolution: 1920x1080
Category: 📺央视频道, Name: CCTV-15, Total: 23, Valid: 22, Valid Percent: 95.65%, Whitelist: 0, IPv4: 23, IPv6: 0, Min Delay: 58 ms, Max Speed: 99.28 M/s, Avg Speed: 33.82 M/s, Max Resolution: 1920x1080
Category: 📺央视频道, Name: CCTV-16, Total: 19, Valid: 19, Valid Percent: 100.00%, Whitelist: 0, IPv4: 19, IPv6: 0, Min Delay: 58 ms, Max Speed: 99.28 M/s, Avg Speed: 23.48 M/s, Max Resolution: 1920x1080
Category: 📺央视频道, Name: CCTV-17, Total: 20, Valid: 20, Valid Percent: 100.00%, Whitelist: 0, IPv4: 20, IPv6: 0, Min Delay: 58 ms, Max Speed: 99.28 M/s, Avg Speed: 36.79 M/s, Max Resolution: 1920x1080
Category: 📡卫视频道, Name: 广东卫视, Total: 16, Valid: 15, Valid Percent: 93.75%, Whitelist: 0, IPv4: 16, IPv6: 0, Min Delay: 11 ms, Max Speed: 168.77 M/s, Avg Speed: 63.72 M/s, Max Resolution: 1920x1080
Category: 📡卫视频道, Name: 浙江卫视, Total: 18, Valid: 18, Valid Percent: 100.00%, Whitelist: 0, IPv4: 16, IPv6: 2, Min Delay: 58 ms, Max Speed: 99.28 M/s, Avg Speed: 34.78 M/s, Max Resolution: 1920x1080
Category: 📡卫视频道, Name: 湖南卫视, Total: 24, Valid: 23, Valid Percent: 95.83%, Whitelist: 0, IPv4: 24, IPv6: 0, Min Delay: 11 ms, Max Speed: 168.77 M/s, Avg Speed: 39.53 M/s, Max Resolution: 1920x1080
Category: 📡卫视频道, Name: 北京卫视, Total: 18, Valid: 17, Valid Percent: 94.44%, Whitelist: 0, IPv4: 18, IPv6: 0, Min Delay: 58 ms, Max Speed: 99.28 M/s, Avg Speed: 36.97 M/s, Max Resolution: 1920x1080
Category: 📡卫视频道, Name: 湖北卫视, Total: 17, Valid: 16, Valid Percent: 94.12%, Whitelist: 0, IPv4: 17, IPv6: 0, Min Delay: 58 ms, Max Speed: 99.28 M/s, Avg Speed: 45.35 M/s, Max Resolution: 1920x1080
Category: 📡卫视频道, Name: 黑龙江卫视, Total: 16, Valid: 15, Valid Percent: 93.75%, Whitelist: 0, IPv4: 16, IPv6: 0, Min Delay: 58 ms, Max Speed: 99.28 M/s, Avg Speed: 48.11 M/s, Max Resolution: 1920x1080
Category: 📡卫视频道, Name: 安徽卫视, Total: 17, Valid: 16, Valid Percent: 94.12%, Whitelist: 0, IPv4: 17, IPv6: 0, Min Delay: 58 ms, Max Speed: 99.28 M/s, Avg Speed: 45.27 M/s, Max Resolution: 1920x1080
Category: 📡卫视频道, Name: 重庆卫视, Total: 18, Valid: 17, Valid Percent: 94.44%, Whitelist: 0, IPv4: 18, IPv6: 0, Min Delay: 58 ms, Max Speed: 99.28 M/s, Avg Speed: 48.53 M/s, Max Resolution: 1920x1080
Category: 📡卫视频道, Name: 东方卫视, Total: 20, Valid: 19, Valid Percent: 95.00%, Whitelist: 0, IPv4: 20, IPv6: 0, Min Delay: 11 ms, Max Speed: 168.77 M/s, Avg Speed: 52.33 M/s, Max Resolution: 1920x1080
Category: 📡卫视频道, Name: 东南卫视, Total: 17, Valid: 16, Valid Percent: 94.12%, Whitelist: 0, IPv4: 17, IPv6: 0, Min Delay: 58 ms, Max Speed: 99.28 M/s, Avg Speed: 57.28 M/s, Max Resolution: 1920x1080
Category: 📡卫视频道, Name: 甘肃卫视, Total: 11, Valid: 11, Valid Percent: 100.00%, Whitelist: 0, IPv4: 11, IPv6: 0, Min Delay: 58 ms, Max Speed: 99.28 M/s, Avg Speed: 64.59 M/s, Max Resolution: 1920x1080
Category: 📡卫视频道, Name: 广西卫视, Total: 19, Valid: 17, Valid Percent: 89.47%, Whitelist: 0, IPv4: 17, IPv6: 2, Min Delay: 58 ms, Max Speed: 99.28 M/s, Avg Speed: 54.20 M/s, Max Resolution: 1920x1080
Category: 📡卫视频道, Name: 贵州卫视, Total: 18, Valid: 17, Valid Percent: 94.44%, Whitelist: 0, IPv4: 18, IPv6: 0, Min Delay: 58 ms, Max Speed: 99.28 M/s, Avg Speed: 59.88 M/s, Max Resolution: 1920x1080
Category: 📡卫视频道, Name: 海南卫视, Total: 11, Valid: 11, Valid Percent: 100.00%, Whitelist: 0, IPv4: 11, IPv6: 0, Min Delay: 58 ms, Max Speed: 99.28 M/s, Avg Speed: 63.85 M/s, Max Resolution: 1920x1080
Category: 📡卫视频道, Name: 河北卫视, Total: 21, Valid: 20, Valid Percent: 95.24%, Whitelist: 0, IPv4: 21, IPv6: 0, Min Delay: 58 ms, Max Speed: 99.28 M/s, Avg Speed: 46.13 M/s, Max Resolution: 1920x1080
Category: 📡卫视频道, Name: 河南卫视, Total: 22, Valid: 19, Valid Percent: 86.36%, Whitelist: 0, IPv4: 22, IPv6: 0, Min Delay: 58 ms, Max Speed: 99.28 M/s, Avg Speed: 53.80 M/s, Max Resolution: 1920x1080
Category: 📡卫视频道, Name: 吉林卫视, Total: 14, Valid: 13, Valid Percent: 92.86%, Whitelist: 0, IPv4: 14, IPv6: 0, Min Delay: 58 ms, Max Speed: 99.28 M/s, Avg Speed: 47.75 M/s, Max Resolution: 1920x1080
Category: 📡卫视频道, Name: 江苏卫视, Total: 21, Valid: 19, Valid Percent: 90.48%, Whitelist: 0, IPv4: 21, IPv6: 0, Min Delay: 11 ms, Max Speed: 168.77 M/s, Avg Speed: 47.11 M/s, Max Resolution: 1920x1080
Category: 📡卫视频道, Name: 江西卫视, Total: 16, Valid: 15, Valid Percent: 93.75%, Whitelist: 0, IPv4: 16, IPv6: 0, Min Delay: 58 ms, Max Speed: 99.28 M/s, Avg Speed: 48.11 M/s, Max Resolution: 1920x1080
Category: 📡卫视频道, Name: 辽宁卫视, Total: 18, Valid: 16, Valid Percent: 88.89%, Whitelist: 0, IPv4: 18, IPv6: 0, Min Delay: 58 ms, Max Speed: 99.28 M/s, Avg Speed: 51.46 M/s, Max Resolution: 1920x1080
Category: 📡卫视频道, Name: 内蒙古卫视, Total: 16, Valid: 16, Valid Percent: 100.00%, Whitelist: 0, IPv4: 14, IPv6: 2, Min Delay: 58 ms, Max Speed: 99.28 M/s, Avg Speed: 32.87 M/s, Max Resolution: 1920x1080
Category: 📡卫视频道, Name: 宁夏卫视, Total: 13, Valid: 13, Valid Percent: 100.00%, Whitelist: 0, IPv4: 13, IPv6: 0, Min Delay: 58 ms, Max Speed: 99.28 M/s, Avg Speed: 48.02 M/s, Max Resolution: 1920x1080
Category: 📡卫视频道, Name: 青海卫视, Total: 18, Valid: 18, Valid Percent: 100.00%, Whitelist: 0, IPv4: 16, IPv6: 2, Min Delay: 58 ms, Max Speed: 99.28 M/s, Avg Speed: 45.80 M/s, Max Resolution: 1920x1080
Category: 📡卫视频道, Name: 山东卫视, Total: 18, Valid: 17, Valid Percent: 94.44%, Whitelist: 0, IPv4: 18, IPv6: 0, Min Delay: 58 ms, Max Speed: 99.28 M/s, Avg Speed: 42.73 M/s, Max Resolution: 1920x1080
Category: 📡卫视频道, Name: 山西卫视, Total: 12, Valid: 12, Valid Percent: 100.00%, Whitelist: 0, IPv4: 12, IPv6: 0, Min Delay: 58 ms, Max Speed: 99.28 M/s, Avg Speed: 43.54 M/s, Max Resolution: 1920x1080
Category: 📡卫视频道, Name: 陕西卫视, Total: 12, Valid: 12, Valid Percent: 100.00%, Whitelist: 0, IPv4: 12, IPv6: 0, Min Delay: 58 ms, Max Speed: 99.28 M/s, Avg Speed: 27.38 M/s, Max Resolution: 1920x1080
Category: 📡卫视频道, Name: 四川卫视, Total: 21, Valid: 20, Valid Percent: 95.24%, Whitelist: 0, IPv4: 21, IPv6: 0, Min Delay: 58 ms, Max Speed: 99.28 M/s, Avg Speed: 51.01 M/s, Max Resolution: 1920x1080
Category: 📡卫视频道, Name: 深圳卫视, Total: 21, Valid: 20, Valid Percent: 95.24%, Whitelist: 0, IPv4: 21, IPv6: 0, Min Delay: 58 ms, Max Speed: 99.28 M/s, Avg Speed: 36.28 M/s, Max Resolution: 1920x1080
Category: 📡卫视频道, Name: 三沙卫视, Total: 11, Valid: 11, Valid Percent: 100.00%, Whitelist: 0, IPv4: 11, IPv6: 0, Min Delay: 58 ms, Max Speed: 99.28 M/s, Avg Speed: 55.76 M/s, Max Resolution: 1920x1080
Category: 📡卫视频道, Name: 天津卫视, Total: 20, Valid: 19, Valid Percent: 95.00%, Whitelist: 0, IPv4: 20, IPv6: 0, Min Delay: 58 ms, Max Speed: 99.28 M/s, Avg Speed: 32.70 M/s, Max Resolution: 1920x1080
Category: 📡卫视频道, Name: 西藏卫视, Total: 14, Valid: 14, Valid Percent: 100.00%, Whitelist: 0, IPv4: 12, IPv6: 2, Min Delay: 58 ms, Max Speed: 99.28 M/s, Avg Speed: 36.75 M/s, Max Resolution: 1920x1080
Category: 📡卫视频道, Name: 新疆卫视, Total: 18, Valid: 18, Valid Percent: 100.00%, Whitelist: 0, IPv4: 17, IPv6: 1, Min Delay: 58 ms, Max Speed: 99.28 M/s, Avg Speed: 29.15 M/s, Max Resolution: 1920x1080
Category: 📡卫视频道, Name: 云南卫视, Total: 20, Valid: 19, Valid Percent: 95.00%, Whitelist: 0, IPv4: 19, IPv6: 1, Min Delay: 58 ms, Max Speed: 99.28 M/s, Avg Speed: 48.40 M/s, Max Resolution: 1920x1080
